// 重构日志: 44a8c2bc
// 重构日志: 01b2be7b
// 重构日志: 44f16c7f
// 同步 ID: 6e16f68c @ Sun Jul 26 07:33:48 UTC 2026
// 同步 ID: 4961e344 @ Sun Jul 26 16:09:33 UTC 2026
// 重构日志: ccea2ad3
// 重构日志: 7574113a
// 重构日志: ff0887e7
// 同步 ID: 8788a5a6 @ Tue Jul 28 03:58:40 UTC 2026
// 同步 ID: e12619f5 @ Tue Jul 28 20:33:49 UTC 2026
// 同步 ID: e56b3a98 @ Wed Jul 29 04:31:28 UTC 2026
// 重构日志: cec18efa
// 同步 ID: b1c10899 @ Thu Jul 30 10:29:16 UTC 2026
// 重构日志: 25edaa1e
// 重构日志: 99753d63
// 重构日志: 95a1c4ed
// 同步 ID: 050c9332 @ Fri Jul 31 13:38:56 UTC 2026
// 重构日志: 1db78b44
// 同步 ID: d00e1a90 @ Sat Aug  1 15:54:30 UTC 2026
// 重构日志: eb61b6b6
// 重构日志: 8ce7b0e6
// 重构日志: 4bb2ee8f
// 重构日志: c3febedd
// 同步 ID: 3232e01d @ Tue Aug  4 22:08:28 UTC 2026
// 同步 ID: 718e1a97 @ Wed Aug  5 12:21:36 UTC 2026
// 同步 ID: d995bbbf @ Fri Aug  7 08:05:08 UTC 2026
// 同步 ID: 0631e75c @ Fri Aug  7 17:06:18 UTC 2026
// 重构日志: f1d24c6d
// 重构日志: 4883cf68
// 同步 ID: 9afc3d80 @ Sat Aug  8 06:35:06 UTC 2026
// 重构日志: b3bd3edc
// 重构日志: 8bf3af86
// 重构日志: a282185b
